// Jest Snapshot v1, https://goo.gl/fbAQLP

exports[`creates resolvers for models 1`] = `
Array [
  Object {
    "Mutation": Object {
      "createTodos": [Function],
      "createUser": [Function],
      "deleteTodos": [Function],
      "deleteUser": [Function],
      "updateTodos": [Function],
      "updateUser": [Function],
    },
    "Query": Object {
      "findTodos": [Function],
      "findUsers": [Function],
      "getTodos": [Function],
      "getUser": [Function],
    },
    "Subscription": Object {
      "deletedTodos": Object {
        "subscribe": [Function],
      },
      "deletedUser": Object {
        "subscribe": [Function],
      },
      "newTodos": Object {
        "subscribe": [Function],
      },
      "newUser": Object {
        "subscribe": [Function],
      },
      "updatedTodos": Object {
        "subscribe": [Function],
      },
      "updatedUser": Object {
        "subscribe": [Function],
      },
    },
  },
]
`;
